D/forkUtil( 1790): 2018-03-28 09:01:27:559190 INFO  index:3 firmware version:3.3.180907.180907E1 ../../tool/upgrade/cam_manager.cpp:194
D/forkUtil( 1790): 2018-03-28 09:01:27:559231 INFO  index:2 firmware version:3.3.180907.180907E1 ../../tool/upgrade/cam_manager.cpp:194
D/forkUtil( 1790): [pro2_service/forkUtil.cpp: 60] Parent Read data: 2018-03-28 09:01:27:559354 INFO  pid:2 recv cmd:55000070 respone:{ "version": "3.3.180907.180907E1" } success ../../tool/upgrade/usb_camera.cpp:113
D/forkUtil( 1790): [pro2_service/forkUtil.cpp: 60] Parent Read data: 2018-03-28 09:01:27:559405 INFO  pid:1 recv cmd:55000070 respone:{ "version": "3.3.180907.180907E1" } success ../../tool/upgrade/usb_camera.cpp:113
D/forkUtil( 1790): [pro2_service/forkUtil.cpp: 60] Parent Read data: 2018-03-28 09:01:27:559536 INFO  index:1 firmware version:3.3.180907.180907E1 ../../tool/upgrade/cam_manager.cpp:194
D/forkUtil( 1790): [pro2_service/forkUtil.cpp: 60] Parent Read data: 2018-03-28 09:01:27:559620 INFO  index:0 firmware version:3.3.180907.180907E1 ../../tool/upgrade/cam_manager.cpp:194
D/forkUtil( 1790): [pro2_service/forkUtil.cpp: 60] Parent Read data: 2018-03-28 09:01:27:559676 INFO  module version now same with req version:3.180907.180907E1 ../../tool/upgrade/upgrade.cpp:112
D/forkUtil( 1790): [pro2_service/forkUtil.cpp: 60] Parent Read data: prop_area.magic = 0x504f5250, prop_area.version = 0x45434f76
D/forkUtil( 1790): [pro2_service/forkUtil.cpp: 60] Parent Read data: prop: sys.hub_reset not exist
D/forkUtil( 1790): [pro2_service/forkUtil.cpp: 60] Parent Read data: prop: sys.cam_pinterval not exist
D/forkUtil( 1790): Hub reset interval [250]Ms, camera reset interval [100]Ms
D/KernLog ( 1168): <5>[   64.621557] CPU1: shutdown
D/KernLog ( 1168): <5>[   64.646373] CPU2: shutdown
D/KernLog ( 1168): <6>[   64.649319] psci: CPU2 killed.
D/KernLog ( 1168): <6>[   64.698826] gk20a 17000000.gp10b: railgate is disabled.
D/KernLog ( 1168): <6>[   64.743857] usb 1-2.2: USB disconnect, device number 35
D/forkUtil( 1790): [pro2_service/forkUtil.cpp: 60] Parent Read data: 2018-03-28 09:01:27:702645 INFO  usb device left pid:0x5 ../../module/usb_device.cpp:43
D/forkUtil( 1790): [pro2_service/forkUtil.cpp: 60] Parent Read data: 2018-03-28 09:01:27:702817 INFO  usb device left pid:0x2 ../../module/usb_device.cpp:43
D/KernLog ( 1168): <6>[   64.881333] usb 1-2.3: USB disconnect, device number 37
D/forkUtil( 1790): [pro2_service/forkUtil.cpp: 60] Parent Read data: 2018-03-28 09:01:27:840174 INFO  usb device left pid:0x4 ../../module/usb_device.cpp:43
D/forkUtil( 1790): [pro2_service/forkUtil.cpp: 60] Parent Read data: 2018-03-28 09:01:27:840314 INFO  usb device left pid:0x1 ../../module/usb_device.cpp:43
D/KernLog ( 1168): <6>[   64.914642] usb 1-3: USB disconnect, device number 31
D/forkUtil( 1790): [pro2_service/forkUtil.cpp: 60] Parent Read data: 2018-03-28 09:01:27:870507 INFO  usb device left pid:0x3 ../../module/usb_device.cpp:43
D/KernLog ( 1168): <6>[   64.914642] usb 1-3: USB disconnect, device number 31
D/forkUtil( 1790): [pro2_service/forkUtil.cpp: 60] Parent Read data: 2018-03-28 09:01:27:976410 INFO  usb device left pid:0x6 ../../module/usb_device.cpp:43
D/KernLog ( 1168): <6>[   65.025328] usb 1-2.4: USB disconnect, device number 38
D/KernLog ( 1168): <6>[   65.560342] usb 1-3: New USB device strings: Mfr=0, Product=0, SerialNumber=1
D/KernLog ( 1168): <6>[   65.567528] usb 1-3: SerialNumber: F200084134FF
D/KernLog ( 1168): <6>[   65.567528] usb 1-3: SerialNumber: F200084134FF
D/KernLog ( 1168): <6>[   65.576865] hub 1-3:1.0: 4 ports detected
D/forkUtil( 1790): [pro2_service/forkUtil.cpp: 60] Parent Read data: 2018-03-28 09:01:28:621038 INFO  power off ../../tool/upgrade/cam_manager.cpp:30
D/forkUtil( 1790): [pro2_service/forkUtil.cpp: 60] Parent Read data: 2018-03-28 09:01:28:630184 INFO  libusb exit ../../module/usb_device.cpp:166
D/forkUtil( 1790): [pro2_service/forkUtil.cpp: 60] Parent Read data: 2018-03-28 09:01:28:630268 INFO  upgrade result:1 ../../tool/upgrade/upgrade.cpp:204
D/forkUtil( 1790): [pro2_service/forkUtil.cpp: 88] child terminated by exit(1)
E/update_app( 1790): >>> upgrade module failed (unknown exit code 1)
D/forkUtil( 1790): [pro2_service/forkUtil.cpp: 60] Parent Read data: 2018-03-28 09:01:28:635530 INFO  upgrade version:1.0.1 ../../tool/upgrade/upgrade.cpp:174
D/forkUtil( 1790): [pro2_service/forkUtil.cpp: 60] Parent Read data: 2018-03-28 09:01:28:635758 INFO  version file:/usr/local/lib/firmware/version.txt ../../tool/upgrade/upgrade.cpp:16
D/forkUtil( 1790): [pro2_service/forkUtil.cpp: 60] Parent Read data: 2018-03-28 09:01:28:635938 INFO  fw path:/usr/local/lib/firmware fw version:3.180907.180907E1 ../../tool/upgrade/upgrade.cpp:153
D/forkUtil( 1790): [pro2_service/forkUtil.cpp: 60] Parent Read data: prop_area.magic = 0x504f5250, prop_area.version = 0x45434f76
D/forkUtil( 1790): prop: sys.hub_reset not exist
D/forkUtil( 1790): [pro2_service/forkUtil.cpp: 60] Parent Read data: prop: sys.cam_pinterval not exist
D/forkUtil( 1790): Hub reset interval [250]Ms, camera reset interval [100]Ms
D/KernLog ( 1168): <6>[   65.953119] usb 1-2: new high-speed USB device number 40 using xhci-tegra
D/KernLog ( 1168): <6>[   66.085628] usb 1-2: New USB device found, idVendor=0451, idProduct=8142
D/KernLog ( 1168): <6>[   66.085628] usb 1-2: New USB device found, idVendor=0451, idProduct=8142
D/KernLog ( 1168): <6>[   66.108883] hub 1-2:1.0: 4 ports detected
D/KernLog ( 1168): <6>[   66.453116] usb 1-3: new high-speed USB device number 41 using xhci-tegra
D/KernLog ( 1168): <6>[   66.585631] usb 1-3: New USB device found, idVendor=0451, idProduct=8142
D/KernLog ( 1168): <6>[   66.585631] usb 1-3: New USB device found, idVendor=0451, idProduct=8142
D/KernLog ( 1168): <6>[   66.608906] hub 1-3:1.0: 4 ports detected
D/forkUtil( 1790): [pro2_service/forkUtil.cpp: 60] Parent Read data: 2018-03-28 09:01:29:648854 INFO  power off ../../tool/upgrade/cam_manager.cpp:30
D/forkUtil( 1790): [pro2_service/forkUtil.cpp: 60] Parent Read data: prop_area.magic = 0x504f5250, prop_area.version = 0x45434f76
D/forkUtil( 1790): prop: sys.hub_reset not exist
D/forkUtil( 1790): prop: sys.cam_pinterval not exist
D/forkUtil( 1790): [pro2_service/forkUtil.cpp: 60] Parent Read data: Hub reset interval [250]Ms, camera reset interval [100]Ms
D/KernLog ( 1168): <6>[   66.608906] hub 1-3:1.0: 4 ports detected
D/KernLog ( 1168): <6>[   66.810979] CPU2: Booted secondary processor [4e0f0030]
D/KernLog ( 1168): <6>[   66.969152] usb 1-2: new high-speed USB device number 42 using xhci-tegra
D/KernLog ( 1168): <6>[   67.108850] usb 1-2: New USB device strings: Mfr=0, Product=0, SerialNumber=1
D/KernLog ( 1168): <6>[   67.116202] usb 1-2: SerialNumber: D200086134FF
D/KernLog ( 1168): <6>[   67.122361] hub 1-2:1.0: USB hub found
D/KernLog ( 1168): <6>[   67.205273] gk20a 17000000.gp10b: railgate is disabled.
D/forkUtil( 1790): [pro2_service/forkUtil.cpp: 60] Parent Read data: prop: sys.hub_reset_first exist
D/forkUtil( 1790): [pro2_service/forkUtil.cpp: 60] Parent Read data: 2018-03-28 09:01:30:871681 INFO  power on ../../tool/upgrade/cam_manager.cpp:18
D/KernLog ( 1168): <6>[   67.205273] gk20a 17000000.gp10b: railgate is disabled.
D/KernLog ( 1168): <3>[   68.153287] usb 1-3.3: device descriptor read/64, error -32
D/KernLog ( 1168): <3>[   68.333281] usb 1-3.3: device descriptor read/64, error -32
D/KernLog ( 1168): <6>[   68.513115] usb 1-2.3: new full-speed USB device number 44 using xhci-tegra
D/KernLog ( 1168): <3>[   68.593282] usb 1-2.3: device descriptor read/64, error -32
D/KernLog ( 1168): <3>[   68.593282] usb 1-2.3: device descriptor read/64, error -32
D/KernLog ( 1168): <3>[   68.593282] usb 1-2.3: device descriptor read/64, error -32
D/forkUtil( 1790): [pro2_service/forkUtil.cpp: 60] Parent Read data: 2018-03-28 09:01:31:829162 INFO  libusb init success ../../module/usb_device.cpp:143
D/forkUtil( 1790): [pro2_service/forkUtil.cpp: 60] Parent Read data: 2018-03-28 09:01:31:829251 INFO  cam_manager vid:4255 pid:1 2 3 4 5 6 ../../tool/upgrade/cam_manager.cpp:52
D/KernLog ( 1168): <6>[   69.274253] usb 1-2: USB disconnect, device number 42
D/KernLog ( 1168): <6>[   72.413110] usb 1-3: new high-speed USB device number 49 using xhci-tegra
D/KernLog ( 1168): <6>[   72.545433] usb 1-3: New USB device found, idVendor=0451, idProduct=8142
D/KernLog ( 1168): <6>[   72.552160] usb 1-3: New USB device strings: Mfr=0, Product=0, SerialNumber=1
D/KernLog ( 1168): <6>[   72.559318] usb 1-3: SerialNumber: F200084134FF
D/KernLog ( 1168): <6>[   72.559318] usb 1-3: SerialNumber: F200084134FF
D/KernLog ( 1168): <6>[   72.877105] usb 1-2: new high-speed USB device number 50 using xhci-tegra
D/KernLog ( 1168): <6>[   73.009460] usb 1-2: New USB device found, idVendor=0451, idProduct=8142
D/KernLog ( 1168): <6>[   73.009460] usb 1-2: New USB device found, idVendor=0451, idProduct=8142
D/KernLog ( 1168): <6>[   73.032642] hub 1-2:1.0: 4 ports detected
D/KernLog ( 1168): <6>[   73.081113] usb 1-3.1: new high-speed USB device number 51 using xhci-tegra
D/KernLog ( 1168): <6>[   73.174308] usb 1-3.1: New USB device found, idVendor=4255, idProduct=0005
D/KernLog ( 1168): <6>[   73.174308] usb 1-3.1: New USB device found, idVendor=4255, idProduct=0005
D/KernLog ( 1168): <6>[   73.273107] usb 1-3.2: new high-speed USB device number 52 using xhci-tegra
D/KernLog ( 1168): <6>[   73.366301] usb 1-3.2: New USB device found, idVendor=4255, idProduct=0004
D/KernLog ( 1168): <6>[   73.385270] usb 1-3.2: Manufacturer: Amba
D/KernLog ( 1168): <6>[   73.389340] usb 1-3.2: SerialNumber: 0001
D/KernLog ( 1168): <6>[   73.449111] usb 1-2.2: new high-speed USB device number 53 using xhci-tegra
D/KernLog ( 1168): <6>[   73.542301] usb 1-2.2: New USB device found, idVendor=4255, idProduct=0002
D/KernLog ( 1168): <6>[   73.549181] usb 1-2.2: New USB device strings: Mfr=1, Product=2, SerialNumber=3
D/KernLog ( 1168): <6>[   73.556497] usb 1-2.2: Product: Amba SIMPLE Class
D/KernLog ( 1168): <6>[   73.556497] usb 1-2.2: Product: Amba SIMPLE Class
D/KernLog ( 1168): <6>[   73.565314] usb 1-2.2: SerialNumber: 0001
D/KernLog ( 1168): <6>[   73.565314] usb 1-2.2: SerialNumber: 0001
D/KernLog ( 1168): <6>[   73.718293] usb 1-3.3: New USB device found, idVendor=4255, idProduct=0003
D/KernLog ( 1168): <6>[   73.718293] usb 1-3.3: New USB device found, idVendor=4255, idProduct=0003
D/KernLog ( 1168): <6>[   73.741285] usb 1-3.3: SerialNumber: 0001
D/KernLog ( 1168): <6>[   73.801107] usb 1-2.3: new high-speed USB device number 55 using xhci-tegra
D/KernLog ( 1168): <6>[   73.894302] usb 1-2.3: New USB device found, idVendor=4255, idProduct=0001
D/KernLog ( 1168): <6>[   73.913226] usb 1-2.3: Manufacturer: Amba
D/KernLog ( 1168): <6>[   73.917248] usb 1-2.3: SerialNumber: 0001
D/KernLog ( 1168): <6>[   73.917248] usb 1-2.3: SerialNumber: 0001
D/KernLog ( 1168): <6>[   73.917248] usb 1-2.3: SerialNumber: 0001
D/KernLog ( 1168): <6>[   74.105216] usb 1-2.4: Manufacturer: Amba
D/KernLog ( 1168): <6>[   74.109232] usb 1-2.4: SerialNumber: 0001
D/forkUtil( 1790): [pro2_service/forkUtil.cpp: 60] Parent Read data: 2018-03-28 09:01:37:172698 INFO  usb device arrive pid:0x5 ../../module/usb_device.cpp:76
D/forkUtil( 1790): [pro2_service/forkUtil.cpp: 60] Parent Read data: 2018-03-28 09:01:37:272954 INFO  usb device arrive pid:0x4 ../../module/usb_device.cpp:76
D/forkUtil( 1790): [pro2_service/forkUtil.cpp: 60] Parent Read data: 2018-03-28 09:01:37:373150 INFO  usb device arrive pid:0x3 ../../module/usb_device.cpp:76
D/forkUtil( 1790): [pro2_service/forkUtil.cpp: 60] Parent Read data: 2018-03-28 09:01:37:473275 INFO  usb device arrive pid:0x2 ../../module/usb_device.cpp:76
D/forkUtil( 1790): [pro2_service/forkUtil.cpp: 60] Parent Read data: 2018-03-28 09:01:37:573446 INFO  usb device arrive pid:0x6 ../../module/usb_device.cpp:76
D/forkUtil( 1790): [pro2_service/forkUtil.cpp: 60] Parent Read data: 2018-03-28 09:01:37:673634 INFO  usb device arrive pid:0x1 ../../module/usb_device.cpp:76
D/forkUtil( 1790): [pro2_service/forkUtil.cpp: 60] Parent Read data: 2018-03-28 09:01:37:690504 INFO  all camera open ../../tool/upgrade/cam_manager.cpp:129
D/forkUtil( 1790): [pro2_service/forkUtil.cpp: 60] Parent Read data: 2018-03-28 09:01:38:690683 INFO  pid:6 send cmd:55000070 {"cmd":1426063472} ../../tool/upgrade/usb_camera.cpp:142
D/forkUtil( 1790): [pro2_service/forkUtil.cpp: 60] Parent Read data: 2018-03-28 09:01:38:690988 INFO  pid:5 send cmd:55000070 {"cmd":1426063472} ../../tool/upgrade/usb_camera.cpp:142
D/forkUtil( 1790): [pro2_service/forkUtil.cpp: 60] Parent Read data: 2018-03-28 09:01:38:691314 INFO  pid:4 send cmd:55000070 {"cmd":1426063472} ../../tool/upgrade/usb_camera.cpp:142
D/forkUtil( 1790): [pro2_service/forkUtil.cpp: 60] Parent Read data: 2018-03-28 09:01:38:691499 INFO  pid:3 send cmd:55000070 {"cmd":1426063472} ../../tool/upgrade/usb_camera.cpp:142
D/forkUtil( 1790): [pro2_service/forkUtil.cpp: 60] Parent Read data: 2018-03-28 09:01:38:691555 INFO  pid:6 recv cmd:55000070 respone:{ "version": "3.3.180907.180907E1" } success ../../tool/upgrade/usb_camera.cpp:113
D/forkUtil( 1790): [pro2_service/forkUtil.cpp: 60] Parent Read data: 2018-03-28 09:01:38:691703 INFO  pid:5 recv cmd:55000070 respone:{ "version": "3.3.180907.180907E1" } success ../../tool/upgrade/usb_camera.cpp:113
D/forkUtil( 1790): [pro2_service/forkUtil.cpp: 60] Parent Read data: 2018-03-28 09:01:38:691872 INFO  pid:4 recv cmd:55000070 respone:{ "version": "3.3.180907.180907E1" } success ../../tool/upgrade/usb_camera.cpp:113
D/forkUtil( 1790): [pro2_service/forkUtil.cpp: 60] Parent Read data: 2018-03-28 09:01:38:691982 INFO  pid:2 send cmd:55000070 {"cmd":1426063472} ../../tool/upgrade/usb_camera.cpp:142
D/forkUtil( 1790): [pro2_service/forkUtil.cpp: 60] Parent Read data: 2018-03-28 09:01:38:692118 INFO  pid:3 recv cmd:55000070 respone:{ "version": "3.3.180907.180907E1" } success ../../tool/upgrade/usb_camera.cpp:113
D/forkUtil( 1790): [pro2_service/forkUtil.cpp: 60] Parent Read data: 2018-03-28 09:01:38:692270 INFO  pid:1 send cmd:55000070 {"cmd":1426063472} ../../tool/upgrade/usb_camera.cpp:142
D/forkUtil( 1790): [pro2_service/forkUtil.cpp: 60] Parent Read data: 2018-03-28 09:01:38:692497 INFO  index:5 firmware version:3.3.180907.180907E1 ../../tool/upgrade/cam_manager.cpp:194
D/forkUtil( 1790): [pro2_service/forkUtil.cpp: 60] Parent Read data: 2018-03-28 09:01:38:692557 INFO  index:4 firmware version:3.3.180907.180907E1 ../../tool/upgrade/cam_manager.cpp:194
D/forkUtil( 1790): 2018-03-28 09:01:38:692604 INFO  index:3 firmware version:3.3.180907.180907E1 ../../tool/upgrade/cam_manager.cpp:194
D/forkUtil( 1790): [pro2_service/forkUtil.cpp: 60] Parent Read data: 2018-03-28 09:01:38:692650 INFO  index:2 firmware version:3.3.180907.180907E1 ../../tool/upgrade/cam_manager.cpp:194
D/forkUtil( 1790): [pro2_service/forkUtil.cpp: 60] Parent Read data: 2018-03-28 09:01:38:692699 INFO  pid:2 recv cmd:55000070 respone:{ "version": "3.3.180907.180907E1" } success ../../tool/upgrade/usb_camera.cpp:113
D/forkUtil( 1790): [pro2_service/forkUtil.cpp: 60] Parent Read data: 2018-03-28 09:01:38:692806 INFO  pid:1 recv cmd:55000070 respone:{ "version": "3.3.180907.180907E1" } success ../../tool/upgrade/usb_camera.cpp:113
D/forkUtil( 1790): [pro2_service/forkUtil.cpp: 60] Parent Read data: 2018-03-28 09:01:38:692942 INFO  index:1 firmware version:3.3.180907.180907E1 ../../tool/upgrade/cam_manager.cpp:194
D/forkUtil( 1790): [pro2_service/forkUtil.cpp: 60] Parent Read data: 2018-03-28 09:01:38:693023 INFO  index:0 firmware version:3.3.180907.180907E1 ../../tool/upgrade/cam_manager.cpp:194
D/forkUtil( 1790): 2018-03-28 09:01:38:693075 INFO  module version now same with req version:3.180907.180907E1 ../../tool/upgrade/upgrade.cpp:112
D/forkUtil( 1790): [pro2_service/forkUtil.cpp: 60] Parent Read data: prop_area.magic = 0x504f5250, prop_area.version = 0x45434f76
D/forkUtil( 1790): prop: sys.hub_reset not exist
D/forkUtil( 1790): [pro2_service/forkUtil.cpp: 60] Parent Read data: prop: sys.cam_pinterval not exist
D/forkUtil( 1790): Hub reset interval [250]Ms, camera reset interval [100]Ms
D/KernLog ( 1168): <6>[   75.756326] psci: CPU1 killed.
D/KernLog ( 1168): <5>[   75.778372] CPU2: shutdown
D/KernLog ( 1168): <5>[   75.778372] CPU2: shutdown
D/KernLog ( 1168): <6>[   76.007894] usb 1-2.2: USB disconnect, device number 53
D/forkUtil( 1790): [pro2_service/forkUtil.cpp: 60] Parent Read data: 2018-03-28 09:01:38:966474 INFO  usb device left pid:0x5 ../../module/usb_device.cpp:43
D/forkUtil( 1790): [pro2_service/forkUtil.cpp: 60] Parent Read data: 2018-03-28 09:01:38:967381 INFO  usb device left pid:0x2 ../../module/usb_device.cpp:43
D/forkUtil( 1790): [pro2_service/forkUtil.cpp: 60] Parent Read data: 2018-03-28 09:01:38:997600 INFO  usb device left pid:0x4 ../../module/usb_device.cpp:43
D/forkUtil( 1790): [pro2_service/forkUtil.cpp: 60] Parent Read data: 2018-03-28 09:01:38:997735 INFO  usb device left pid:0x3 ../../module/usb_device.cpp:43
D/KernLog ( 1168): <6>[   76.054973] usb 1-3.2: USB disconnect, device number 52
D/KernLog ( 1168): <6>[   76.061354] usb 1-3.3: USB disconnect, device number 54
D/forkUtil( 1790): [pro2_service/forkUtil.cpp: 60] Parent Read data: 2018-03-28 09:01:39:098174 INFO  usb device left pid:0x1 ../../module/usb_device.cpp:43
D/KernLog ( 1168): <6>[   76.145332] usb 1-2.3: USB disconnect, device number 55
D/forkUtil( 1790): [pro2_service/forkUtil.cpp: 60] Parent Read data: 2018-03-28 09:01:39:230178 INFO  usb device left pid:0x6 ../../module/usb_device.cpp:43
D/KernLog ( 1168): <6>[   76.277337] usb 1-2.4: USB disconnect, device number 56
D/KernLog ( 1168): <6>[   76.557140] usb 1-3: new high-speed USB device number 57 using xhci-tegra
D/KernLog ( 1168): <6>[   76.689631] usb 1-3: New USB device found, idVendor=0451, idProduct=8142
D/KernLog ( 1168): <6>[   76.708956] hub 1-3:1.0: USB hub found
D/KernLog ( 1168): <6>[   76.713203] hub 1-3:1.0: 4 ports detected
D/forkUtil( 1790): [pro2_service/forkUtil.cpp: 60] Parent Read data: 2018-03-28 09:01:39:756309 INFO  power off ../../tool/upgrade/cam_manager.cpp:30
D/forkUtil( 1790): [pro2_service/forkUtil.cpp: 60] Parent Read data: 2018-03-28 09:01:39:766038 INFO  libusb exit ../../module/usb_device.cpp:166
D/forkUtil( 1790): [pro2_service/forkUtil.cpp: 60] Parent Read data: 2018-03-28 09:01:39:766122 INFO  upgrade result:1 ../../tool/upgrade/upgrade.cpp:204
D/forkUtil( 1790): [pro2_service/forkUtil.cpp: 88] child terminated by exit(1)
E/update_app( 1790): >>> upgrade module failed (unknown exit code 1)
D/update_app( 1790): update section [firmware] success ...
D/update_app( 1790): index = 0
D/update_app( 1790): cp [/mnt/update//pro2_update/cfg/user_cfg] -> [/home/nvidia/insta360/etc]
D/update_app( 1790): cp [/mnt/update//pro2_update/cfg/cam_config.xml] -> [/home/nvidia/insta360/etc]
D/update_app( 1790): cp [/mnt/update//pro2_update/cfg/default.prop] -> [/home/nvidia/insta360/etc]
D/update_app( 1790): cp [/mnt/update//pro2_update/cfg/crtmpserver.lua] -> [/home/nvidia/insta360/etc]
D/update_app( 1790): cp [/mnt/update//pro2_update/cfg/server.key] -> [/home/nvidia/insta360/etc]
D/update_app( 1790): cp [/mnt/update//pro2_update/cfg/def_cfg] -> [/home/nvidia/insta360/etc]
D/update_app( 1790): cp [/mnt/update//pro2_update/cfg/server.crt] -> [/home/nvidia/insta360/etc]
D/update_app( 1790): cp [/mnt/update//pro2_update/cfg/init.rc] -> [/home/nvidia/insta360/etc]
D/update_app( 1790): update section [cfg] success ...
D/update_app( 1790): index = 1
D/KernLog ( 1168): <6>[   77.089148] usb 1-2: new high-speed USB device number 58 using xhci-tegra
D/update_app( 1790): cp [/mnt/update//pro2_update/data/wav] -> [/home/nvidia/insta360]
D/update_app( 1790): update section [data] success ...
D/update_app( 1790): index = 2
D/KernLog ( 1168): <6>[   77.228448] usb 1-2: New USB device strings: Mfr=0, Product=0, SerialNumber=1
D/KernLog ( 1168): <6>[   77.246441] hub 1-2:1.0: 4 ports detected
D/update_app( 1790): cp [/mnt/update//pro2_update/bin/kern_log] -> [/usr/local/bin]
D/update_app( 1790): cp [/mnt/update//pro2_update/bin/upgrade_extra.sh] -> [/usr/local/bin]
D/update_app( 1790): cp [/mnt/update//pro2_update/bin/default_power_on.sh] -> [/usr/local/bin]
D/update_app( 1790): cp [/mnt/update//pro2_update/bin/bootanimation] -> [/usr/local/bin]
D/update_app( 1790): cp [/mnt/update//pro2_update/bin/GPSInfo] -> [/usr/local/bin]
D/update_app( 1790): cp [/mnt/update//pro2_update/bin/pro_service] -> [/usr/local/bin]
D/update_app( 1790): cp [/mnt/update//pro2_update/bin/camerad] -> [/usr/local/bin]
D/update_app( 1790): cp [/mnt/update//pro2_update/bin/adbd] -> [/usr/local/bin]
D/update_app( 1790): cp [/mnt/update//pro2_update/bin/batteryInfo] -> [/usr/local/bin]
D/update_app( 1790): cp [/mnt/update//pro2_update/bin/ws_src_0806.zip] -> [/usr/local/bin]
D/update_app( 1790): cp [/mnt/update//pro2_update/bin/jetson_clocks.sh] -> [/usr/local/bin]
D/update_app( 1790): cp [/mnt/update//pro2_update/bin/power_off.sh] -> [/usr/local/bin]
D/update_app( 1790): cp [/mnt/update//pro2_update/bin/samba-ok.zip] -> [/usr/local/bin]
D/update_app( 1790): cp [/mnt/update//pro2_update/bin/setprop] -> [/usr/local/bin]
D/update_app( 1790): cp [/mnt/update//pro2_update/bin/httpRequest.py] -> [/usr/local/bin]
D/update_app( 1790): cp [/mnt/update//pro2_update/bin/msgclient] -> [/usr/local/bin]
D/update_app( 1790): cp [/mnt/update//pro2_update/bin/ws_src] -> [/usr/local/bin]
D/update_app( 1790): cp [/mnt/update//pro2_update/bin/logd] -> [/usr/local/bin]
D/update_app( 1790): cp [/mnt/update//pro2_update/bin/logcat] -> [/usr/local/bin]
D/update_app( 1790): cp [/mnt/update//pro2_update/bin/mongoose] -> [/usr/local/bin]
D/update_app( 1790): cp [/mnt/update//pro2_update/bin/power_on.sh] -> [/usr/local/bin]
D/update_app( 1790): cp [/mnt/update//pro2_update/bin/factory_test] -> [/usr/local/bin]
D/update_app( 1790): cp [/mnt/update//pro2_update/bin/vold_test] -> [/usr/local/bin]
D/update_app( 1790): cp [/mnt/update//pro2_update/bin/external_mic.test.sh] -> [/usr/local/bin]
D/update_app( 1790): cp [/mnt/update//pro2_update/bin/getprop] -> [/usr/local/bin]
D/update_app( 1790): cp [/mnt/update//pro2_update/bin/external_mic_on.sh] -> [/usr/local/bin]
D/update_app( 1790): cp [/mnt/update//pro2_update/bin/smb.conf] -> [/usr/local/bin]
D/update_app( 1790): cp [/mnt/update//pro2_update/bin/ws_src.zip] -> [/usr/local/bin]
D/update_app( 1790): cp [/mnt/update//pro2_update/bin/power_on_dvt.sh] -> [/usr/local/bin]
D/update_app( 1790): cp [/mnt/update//pro2_update/bin/upgrade] -> [/usr/local/bin]
D/update_app( 1790): cp [/mnt/update//pro2_update/bin/README.txt] -> [/usr/local/bin]
D/update_app( 1790): cp [/mnt/update//pro2_update/bin/module_tool] -> [/usr/local/bin]
D/update_app( 1790): cp [/mnt/update//pro2_update/bin/power_manager] -> [/usr/local/bin]
D/update_app( 1790): cp [/mnt/update//pro2_update/bin/install_samba.sh] -> [/usr/local/bin]
D/update_app( 1790): cp [/mnt/update//pro2_update/bin/vm_clean] -> [/usr/local/bin]
D/update_app( 1790): cp [/mnt/update//pro2_update/bin/hardware_init.sh] -> [/usr/local/bin]
D/update_app( 1790): cp [/mnt/update//pro2_update/bin/udisk_test] -> [/usr/local/bin]
D/update_app( 1790): cp [/mnt/update//pro2_update/bin/default_power_init.sh] -> [/usr/local/bin]
D/update_app( 1790): cp [/mnt/update//pro2_update/bin/pro2_service] -> [/usr/local/bin]
D/update_app( 1790): cp [/mnt/update//pro2_update/bin/crtmpserver] -> [/usr/local/bin]
D/update_app( 1790): cp [/mnt/update//pro2_update/bin/time_tz] -> [/usr/local/bin]
D/update_app( 1790): cp [/mnt/update//pro2_update/bin/update_check] -> [/usr/local/bin]
D/update_app( 1790): cp [/mnt/update//pro2_update/bin/monitor] -> [/usr/local/bin]
D/update_app( 1790): cp [/mnt/update//pro2_update/bin/external_mic_off.sh] -> [/usr/local/bin]
D/update_app( 1790): update section [bin] success ...
D/update_app( 1790): index = 3
D/update_app( 1790): cp [/mnt/update//pro2_update/lib/libfdk-aac.so.1] -> [/usr/local/lib]
D/update_app( 1790): cp [/mnt/update//pro2_update/lib/libexiv2.so.26] -> [/usr/local/lib]
D/update_app( 1790): cp [/mnt/update//pro2_update/lib/libopencv_cudaobjdetect.so.3.4.0] -> [/usr/local/lib]
D/update_app( 1790): cp [/mnt/update//pro2_update/lib/libopencv_plot.so] -> [/usr/local/lib]
D/update_app( 1790): cp [/mnt/update//pro2_update/lib/libopencv_bgsegm.so.3.4.0] -> [/usr/local/lib]
D/update_app( 1790): cp [/mnt/update//pro2_update/lib/libopencv_cudaarithm.so.3.4] -> [/usr/local/lib]
D/update_app( 1790): cp [/mnt/update//pro2_update/lib/libublox.so] -> [/usr/local/lib]
D/update_app( 1790): cp [/mnt/update//pro2_update/lib/libopencv_datasets.so] -> [/usr/local/lib]
D/update_app( 1790): cp [/mnt/update//pro2_update/lib/libturbojpeg.so.0.1.0] -> [/usr/local/lib]
D/update_app( 1790): cp [/mnt/update//pro2_update/lib/libopencv_ccalib.so.3.4.0] -> [/usr/local/lib]
D/update_app( 1790): cp [/mnt/update//pro2_update/lib/libopencv_cudaoptflow.so.3.4.0] -> [/usr/local/lib]
D/update_app( 1790): cp [/mnt/update//pro2_update/lib/libopencv_video.so] -> [/usr/local/lib]
D/update_app( 1790): cp [/mnt/update//pro2_update/lib/libopencv_photo.so.3.4.0] -> [/usr/local/lib]
D/update_app( 1790): cp [/mnt/update//pro2_update/lib/libopencv_phase_unwrapping.so.3.4] -> [/usr/local/lib]
D/update_app( 1790): cp [/mnt/update//pro2_update/lib/libzbar.la] -> [/usr/local/lib]
D/update_app( 1790): cp [/mnt/update//pro2_update/lib/libopencv_tracking.so.3.4] -> [/usr/local/lib]
D/update_app( 1790): cp [/mnt/update//pro2_update/lib/libopencv_optflow.so.3.4.0] -> [/usr/local/lib]
D/update_app( 1790): cp [/mnt/update//pro2_update/lib/libopencv_face.so] -> [/usr/local/lib]
D/update_app( 1790): cp [/mnt/update//pro2_update/lib/libturbojpeg.so.0] -> [/usr/local/lib]
D/update_app( 1790): cp [/mnt/update//pro2_update/lib/libopencv_img_hash.so.3.4] -> [/usr/local/lib]
D/update_app( 1790): cp [/mnt/update//pro2_update/lib/libopencv_shape.so.3.4.0] -> [/usr/local/lib]
D/update_app( 1790): cp [/mnt/update//pro2_update/lib/libopencv_text.so.3.4.0] -> [/usr/local/lib]
D/update_app( 1790): cp [/mnt/update//pro2_update/lib/libswscale.so] -> [/usr/local/lib]
D/update_app( 1790): cp [/mnt/update//pro2_update/lib/libopencv_cudaimgproc.so] -> [/usr/local/lib]
D/update_app( 1790): cp [/mnt/update//pro2_update/lib/libopencv_objdetect.so.3.4] -> [/usr/local/lib]
D/update_app( 1790): cp [/mnt/update//pro2_update/lib/libopencv_stereo.so.3.4] -> [/usr/local/lib]
D/update_app( 1790): cp [/mnt/update//pro2_update/lib/libopencv_highgui.so.3.4] -> [/usr/local/lib]
D/update_app( 1790): cp [/mnt/update//pro2_update/lib/libjpeg.so] -> [/usr/local/lib]
D/update_app( 1790): cp [/mnt/update//pro2_update/lib/libopencv_cudafeatures2d.so] -> [/usr/local/lib]
D/update_app( 1790): cp [/mnt/update//pro2_update/lib/libopencv_xobjdetect.so.3.4.0] -> [/usr/local/lib]
D/update_app( 1790): cp [/mnt/update//pro2_update/lib/libopencv_bgsegm.so] -> [/usr/local/lib]
D/update_app( 1790): cp [/mnt/update//pro2_update/lib/libopencv_stitching.so] -> [/usr/local/lib]
D/update_app( 1790): cp [/mnt/update//pro2_update/lib/libopencv_cudafeatures2d.so.3.4.0] -> [/usr/local/lib]
D/update_app( 1790): cp [/mnt/update//pro2_update/lib/libopencv_cudacodec.so] -> [/usr/local/lib]
D/update_app( 1790): cp [/mnt/update//pro2_update/lib/libopencv_ximgproc.so.3.4.0] -> [/usr/local/lib]
D/update_app( 1790): cp [/mnt/update//pro2_update/lib/libopencv_shape.so] -> [/usr/local/lib]
D/update_app( 1790): cp [/mnt/update//pro2_update/lib/libopencv_saliency.so.3.4] -> [/usr/local/lib]
D/update_app( 1790): cp [/mnt/update//pro2_update/lib/libuuid.la] -> [/usr/local/lib]
D/update_app( 1790): cp [/mnt/update//pro2_update/lib/libopencv_phase_unwrapping.so] -> [/usr/local/lib]
D/update_app( 1790): cp [/mnt/update//pro2_update/lib/libavutil.so.54.31.100] -> [/usr/local/lib]
D/update_app( 1790): cp [/mnt/update//pro2_update/lib/libopencv_video.so.3.4] -> [/usr/local/lib]
D/update_app( 1790): cp [/mnt/update//pro2_update/lib/libopencv_surface_matching.so.3.4] -> [/usr/local/lib]
D/update_app( 1790): cp [/mnt/update//pro2_update/lib/libopencv_line_descriptor.so.3.4.0] -> [/usr/local/lib]
D/update_app( 1790): cp [/mnt/update//pro2_update/lib/libavformat.so.56] -> [/usr/local/lib]
D/update_app( 1790): cp [/mnt/update//pro2_update/lib/libopencv_videoio.so.3.4.0] -> [/usr/local/lib]
D/update_app( 1790): cp [/mnt/update//pro2_update/lib/libopencv_cudalegacy.so] -> [/usr/local/lib]
D/update_app( 1790): cp [/mnt/update//pro2_update/lib/libopencv_ximgproc.so.3.4] -> [/usr/local/lib]
D/update_app( 1790): cp [/mnt/update//pro2_update/lib/libopencv_img_hash.so] -> [/usr/local/lib]
D/update_app( 1790): cp [/mnt/update//pro2_update/lib/libopencv_core.so] -> [/usr/local/lib]
D/update_app( 1790): cp [/mnt/update//pro2_update/lib/libopencv_xphoto.so.3.4] -> [/usr/local/lib]
D/update_app( 1790): cp [/mnt/update//pro2_update/lib/libopencv_line_descriptor.so.3.4] -> [/usr/local/lib]
D/update_app( 1790): cp [/mnt/update//pro2_update/lib/libopencv_xphoto.so.3.4.0] -> [/usr/local/lib]
D/update_app( 1790): cp [/mnt/update//pro2_update/lib/libjson-c.so] -> [/usr/local/lib]
D/update_app( 1790): cp [/mnt/update//pro2_update/lib/libzbar.so.0] -> [/usr/local/lib]
D/update_app( 1790): cp [/mnt/update//pro2_update/lib/libavformat.so] -> [/usr/local/lib]
D/update_app( 1790): cp [/mnt/update//pro2_update/lib/libopencv_imgcodecs.so] -> [/usr/local/lib]
D/update_app( 1790): cp [/mnt/update//pro2_update/lib/libopencv_optflow.so.3.4] -> [/usr/local/lib]
D/update_app( 1790): cp [/mnt/update//pro2_update/lib/libopencv_videoio.so.3.4] -> [/usr/local/lib]
D/update_app( 1790): cp [/mnt/update//pro2_update/lib/libopencv_ccalib.so.3.4] -> [/usr/local/lib]
D/update_app( 1790): cp [/mnt/update//pro2_update/lib/libopencv_cudabgsegm.so.3.4] -> [/usr/local/lib]
D/update_app( 1790): cp [/mnt/update//pro2_update/lib/libopencv_cudaobjdetect.so] -> [/usr/local/lib]
D/update_app( 1790): cp [/mnt/update//pro2_update/lib/libopencv_aruco.so.3.4.0] -> [/usr/local/lib]
D/update_app( 1790): cp [/mnt/update//pro2_update/lib/libopencv_features2d.so] -> [/usr/local/lib]
D/update_app( 1790): cp [/mnt/update//pro2_update/lib/libopencv_tracking.so] -> [/usr/local/lib]
D/update_app( 1790): cp [/mnt/update//pro2_update/lib/libopencv_surface_matching.so] -> [/usr/local/lib]
D/update_app( 1790): cp [/mnt/update//pro2_update/lib/libopencv_bioinspired.so.3.4.0] -> [/usr/local/lib]
D/update_app( 1790): cp [/mnt/update//pro2_update/lib/libopencv_superres.so.3.4] -> [/usr/local/lib]
D/update_app( 1790): cp [/mnt/update//pro2_update/lib/libavcodec.so] -> [/usr/local/lib]
D/update_app( 1790): cp [/mnt/update//pro2_update/lib/libopencv_datasets.so.3.4] -> [/usr/local/lib]
D/update_app( 1790): cp [/mnt/update//pro2_update/lib/libopencv_shape.so.3.4] -> [/usr/local/lib]
D/update_app( 1790): cp [/mnt/update//pro2_update/lib/libfdk-aac.so] -> [/usr/local/lib]
D/update_app( 1790): cp [/mnt/update//pro2_update/lib/libopencv_dnn.so.3.4.0] -> [/usr/local/lib]
D/update_app( 1790): cp [/mnt/update//pro2_update/lib/libev.so.4.0.0] -> [/usr/local/lib]
D/update_app( 1790): cp [/mnt/update//pro2_update/lib/libopencv_stereo.so.3.4.0] -> [/usr/local/lib]
D/update_app( 1790): cp [/mnt/update//pro2_update/lib/libopencv_reg.so] -> [/usr/local/lib]
D/update_app( 1790): cp [/mnt/update//pro2_update/lib/libopencv_cudalegacy.so.3.4.0] -> [/usr/local/lib]
D/update_app( 1790): cp [/mnt/update//pro2_update/lib/libopencv_rgbd.so.3.4.0] -> [/usr/local/lib]
D/update_app( 1790): cp [/mnt/update//pro2_update/lib/libopencv_cudastereo.so.3.4.0] -> [/usr/local/lib]
D/update_app( 1790): cp [/mnt/update//pro2_update/lib/libopencv_imgcodecs.so.3.4] -> [/usr/local/lib]
D/update_app( 1790): cp [/mnt/update//pro2_update/lib/libopencv_cudabgsegm.so.3.4.0] -> [/usr/local/lib]
D/update_app( 1790): cp [/mnt/update//pro2_update/lib/libx264.so] -> [/usr/local/lib]
D/update_app( 1790): cp [/mnt/update//pro2_update/lib/libopencv_optflow.so] -> [/usr/local/lib]
D/update_app( 1790): cp [/mnt/update//pro2_update/lib/libopencv_surface_matching.so.3.4.0] -> [/usr/local/lib]
D/update_app( 1790): cp [/mnt/update//pro2_update/lib/libusb-1.0.so] -> [/usr/local/lib]
D/update_app( 1790): cp [/mnt/update//pro2_update/lib/libopencv_highgui.so.3.4.0] -> [/usr/local/lib]
D/update_app( 1790): cp [/mnt/update//pro2_update/lib/libuuid.so.1] -> [/usr/local/lib]
D/update_app( 1790): cp [/mnt/update//pro2_update/lib/libopencv_fuzzy.so] -> [/usr/local/lib]
D/update_app( 1790): cp [/mnt/update//pro2_update/lib/libexiv2.so.26.0.0] -> [/usr/local/lib]
D/update_app( 1790): cp [/mnt/update//pro2_update/lib/libopencv_cudaoptflow.so] -> [/usr/local/lib]
D/update_app( 1790): cp [/mnt/update//pro2_update/lib/libopencv_plot.so.3.4.0] -> [/usr/local/lib]
D/update_app( 1790): cp [/mnt/update//pro2_update/lib/libopencv_photo.so.3.4] -> [/usr/local/lib]
D/update_app( 1790): cp [/mnt/update//pro2_update/lib/libtiffxx.so.5] -> [/usr/local/lib]
D/update_app( 1790): cp [/mnt/update//pro2_update/lib/libopencv_dpm.so.3.4] -> [/usr/local/lib]
D/update_app( 1790): cp [/mnt/update//pro2_update/lib/libjpeg.so.62] -> [/usr/local/lib]
D/update_app( 1790): cp [/mnt/update//pro2_update/lib/libTwirlingCapture.so] -> [/usr/local/lib]
D/update_app( 1790): cp [/mnt/update//pro2_update/lib/libopencv_cudafilters.so] -> [/usr/local/lib]
D/update_app( 1790): cp [/mnt/update//pro2_update/lib/libopencv_tracking.so.3.4.0] -> [/usr/local/lib]
D/update_app( 1790): cp [/mnt/update//pro2_update/lib/libopencv_rgbd.so] -> [/usr/local/lib]
D/update_app( 1790): cp [/mnt/update//pro2_update/lib/libswscale.so.3] -> [/usr/local/lib]
D/update_app( 1790): cp [/mnt/update//pro2_update/lib/libexiv2.so] -> [/usr/local/lib]
D/update_app( 1790): cp [/mnt/update//pro2_update/lib/libusb-1.0.so.0] -> [/usr/local/lib]
D/update_app( 1790): cp [/mnt/update//pro2_update/lib/libopencv_ccalib.so] -> [/usr/local/lib]
D/update_app( 1790): cp [/mnt/update//pro2_update/lib/libopencv_cudaimgproc.so.3.4.0] -> [/usr/local/lib]
D/update_app( 1790): cp [/mnt/update//pro2_update/lib/libturbojpeg.la] -> [/usr/local/lib]
D/update_app( 1790): cp [/mnt/update//pro2_update/lib/libopencv_dpm.so] -> [/usr/local/lib]
D/update_app( 1790): cp [/mnt/update//pro2_update/lib/libjson-c.la] -> [/usr/local/lib]
D/update_app( 1790): cp [/mnt/update//pro2_update/lib/libopencv_highgui.so] -> [/usr/local/lib]
D/update_app( 1790): cp [/mnt/update//pro2_update/lib/libopencv_dpm.so.3.4.0] -> [/usr/local/lib]
D/update_app( 1790): cp [/mnt/update//pro2_update/lib/libev.la] -> [/usr/local/lib]
D/update_app( 1790): cp [/mnt/update//pro2_update/lib/libtiffxx.so.5.3.0] -> [/usr/local/lib]
D/update_app( 1790): cp [/mnt/update//pro2_update/lib/libopencv_cudastereo.so] -> [/usr/local/lib]
D/update_app( 1790): cp [/mnt/update//pro2_update/lib/libopencv_stitching.so.3.4.0] -> [/usr/local/lib]
D/update_app( 1790): cp [/mnt/update//pro2_update/lib/libavcodec.so.56] -> [/usr/local/lib]
D/update_app( 1790): cp [/mnt/update//pro2_update/lib/libfdk-aac.so.1.0.1] -> [/usr/local/lib]
D/update_app( 1790): cp [/mnt/update//pro2_update/lib/libopencv_structured_light.so] -> [/usr/local/lib]
D/update_app( 1790): cp [/mnt/update//pro2_update/lib/libopencv_cudacodec.so.3.4.0] -> [/usr/local/lib]
D/update_app( 1790): cp [/mnt/update//pro2_update/lib/libopencv_imgproc.so] -> [/usr/local/lib]
D/update_app( 1790): cp [/mnt/update//pro2_update/lib/libturbojpeg.so] -> [/usr/local/lib]
D/update_app( 1790): cp [/mnt/update//pro2_update/lib/libopencv_xfeatures2d.so.3.4.0] -> [/usr/local/lib]
D/update_app( 1790): cp [/mnt/update//pro2_update/lib/libswscale.so.3.1.101] -> [/usr/local/lib]
D/update_app( 1790): cp [/mnt/update//pro2_update/lib/libopencv_cudaimgproc.so.3.4] -> [/usr/local/lib]
D/update_app( 1790): cp [/mnt/update//pro2_update/lib/libopencv_cudawarping.so.3.4] -> [/usr/local/lib]
D/update_app( 1790): cp [/mnt/update//pro2_update/lib/libopencv_cudawarping.so] -> [/usr/local/lib]
D/update_app( 1790): cp [/mnt/update//pro2_update/lib/libopencv_bioinspired.so] -> [/usr/local/lib]
D/update_app( 1790): cp [/mnt/update//pro2_update/lib/libopencv_cudafeatures2d.so.3.4] -> [/usr/local/lib]
D/update_app( 1790): cp [/mnt/update//pro2_update/lib/libopencv_imgproc.so.3.4.0] -> [/usr/local/lib]
D/update_app( 1790): cp [/mnt/update//pro2_update/lib/libexpat.so] -> [/usr/local/lib]
D/update_app( 1790): cp [/mnt/update//pro2_update/lib/libopencv_cudafilters.so.3.4] -> [/usr/local/lib]
D/update_app( 1790): cp [/mnt/update//pro2_update/lib/libjson-c.so.4] -> [/usr/local/lib]
D/update_app( 1790): cp [/mnt/update//pro2_update/lib/libavformat.so.56.40.101] -> [/usr/local/lib]
D/update_app( 1790): cp [/mnt/update//pro2_update/lib/libopencv_calib3d.so] -> [/usr/local/lib]
D/update_app( 1790): cp [/mnt/update//pro2_update/lib/libopencv_superres.so.3.4.0] -> [/usr/local/lib]
D/update_app( 1790): cp [/mnt/update//pro2_update/lib/libtiff.so] -> [/usr/local/lib]
D/update_app( 1790): cp [/mnt/update//pro2_update/lib/libopencv_cudacodec.so.3.4] -> [/usr/local/lib]
D/update_app( 1790): cp [/mnt/update//pro2_update/lib/libopencv_superres.so] -> [/usr/local/lib]
D/update_app( 1790): cp [/mnt/update//pro2_update/lib/libopencv_face.so.3.4.0] -> [/usr/local/lib]
D/update_app( 1790): cp [/mnt/update//pro2_update/lib/libjpeg.la] -> [/usr/local/lib]
D/update_app( 1790): cp [/mnt/update//pro2_update/lib/libopencv_cudalegacy.so.3.4] -> [/usr/local/lib]
D/update_app( 1790): cp [/mnt/update//pro2_update/lib/libopencv_videoio.so] -> [/usr/local/lib]
D/update_app( 1790): cp [/mnt/update//pro2_update/lib/libopencv_photo.so] -> [/usr/local/lib]
D/update_app( 1790): cp [/mnt/update//pro2_update/lib/libusb-1.0.la] -> [/usr/local/lib]
D/update_app( 1790): cp [/mnt/update//pro2_update/lib/libavutil.so] -> [/usr/local/lib]
D/update_app( 1790): cp [/mnt/update//pro2_update/lib/libopencv_calib3d.so.3.4] -> [/usr/local/lib]
D/update_app( 1790): cp [/mnt/update//pro2_update/lib/libopencv_flann.so.3.4.0] -> [/usr/local/lib]
D/update_app( 1790): cp [/mnt/update//pro2_update/lib/libev.so] -> [/usr/local/lib]
D/update_app( 1790): cp [/mnt/update//pro2_update/lib/libopencv_ml.so] -> [/usr/local/lib]
D/update_app( 1790): cp [/mnt/update//pro2_update/lib/libopencv_dnn.so.3.4] -> [/usr/local/lib]
D/update_app( 1790): cp [/mnt/update//pro2_update/lib/libavcodec.so.56.60.100] -> [/usr/local/lib]
D/update_app( 1790): cp [/mnt/update//pro2_update/lib/libopencv_fuzzy.so.3.4.0] -> [/usr/local/lib]
D/update_app( 1790): cp [/mnt/update//pro2_update/lib/libopencv_xfeatures2d.so] -> [/usr/local/lib]
D/update_app( 1790): cp [/mnt/update//pro2_update/lib/libopencv_cudabgsegm.so] -> [/usr/local/lib]
D/update_app( 1790): cp [/mnt/update//pro2_update/lib/libuuid.so] -> [/usr/local/lib]
D/update_app( 1790): cp [/mnt/update//pro2_update/lib/libopencv_text.so] -> [/usr/local/lib]
D/update_app( 1790): cp [/mnt/update//pro2_update/lib/libzbar.so.0.2.0] -> [/usr/local/lib]
D/update_app( 1790): cp [/mnt/update//pro2_update/lib/libtiff.so.5] -> [/usr/local/lib]
D/update_app( 1790): cp [/mnt/update//pro2_update/lib/libopencv_xphoto.so] -> [/usr/local/lib]
D/update_app( 1790): cp [/mnt/update//pro2_update/lib/libev.so.4] -> [/usr/local/lib]
D/update_app( 1790): cp [/mnt/update//pro2_update/lib/libopencv_structured_light.so.3.4] -> [/usr/local/lib]
D/update_app( 1790): cp [/mnt/update//pro2_update/lib/libopencv_plot.so.3.4] -> [/usr/local/lib]
D/update_app( 1790): cp [/mnt/update//pro2_update/lib/libzbar.so] -> [/usr/local/lib]
D/update_app( 1790): cp [/mnt/update//pro2_update/lib/libtiffxx.so] -> [/usr/local/lib]
D/update_app( 1790): cp [/mnt/update//pro2_update/lib/libavutil.so.54] -> [/usr/local/lib]
D/update_app( 1790): cp [/mnt/update//pro2_update/lib/libublox_gps.so] -> [/usr/local/lib]
D/update_app( 1790): cp [/mnt/update//pro2_update/lib/libopencv_calib3d.so.3.4.0] -> [/usr/local/lib]
D/update_app( 1790): cp [/mnt/update//pro2_update/lib/libopencv_bioinspired.so.3.4] -> [/usr/local/lib]
D/update_app( 1790): cp [/mnt/update//pro2_update/lib/libopencv_bgsegm.so.3.4] -> [/usr/local/lib]
D/update_app( 1790): cp [/mnt/update//pro2_update/lib/libopencv_stereo.so] -> [/usr/local/lib]
D/update_app( 1790): cp [/mnt/update//pro2_update/lib/libopencv_datasets.so.3.4.0] -> [/usr/local/lib]
D/update_app( 1790): cp [/mnt/update//pro2_update/lib/libopencv_reg.so.3.4.0] -> [/usr/local/lib]
D/update_app( 1790): cp [/mnt/update//pro2_update/lib/libopencv_cudastereo.so.3.4] -> [/usr/local/lib]
D/update_app( 1790): cp [/mnt/update//pro2_update/lib/libopencv_ml.so.3.4] -> [/usr/local/lib]
D/update_app( 1790): cp [/mnt/update//pro2_update/lib/libopencv_video.so.3.4.0] -> [/usr/local/lib]
D/update_app( 1790): cp [/mnt/update//pro2_update/lib/libopencv_imgproc.so.3.4] -> [/usr/local/lib]
D/update_app( 1790): cp [/mnt/update//pro2_update/lib/libopencv_fuzzy.so.3.4] -> [/usr/local/lib]
D/update_app( 1790): cp [/mnt/update//pro2_update/lib/libopencv_cudafilters.so.3.4.0] -> [/usr/local/lib]
D/update_app( 1790): cp [/mnt/update//pro2_update/lib/libopencv_reg.so.3.4] -> [/usr/local/lib]
D/update_app( 1790): cp [/mnt/update//pro2_update/lib/libopencv_aruco.so] -> [/usr/local/lib]
D/update_app( 1790): cp [/mnt/update//pro2_update/lib/libopencv_face.so.3.4] -> [/usr/local/lib]
D/update_app( 1790): cp [/mnt/update//pro2_update/lib/libjpeg.so.62.2.0] -> [/usr/local/lib]
D/update_app( 1790): cp [/mnt/update//pro2_update/lib/libopencv_features2d.so.3.4.0] -> [/usr/local/lib]
D/update_app( 1790): cp [/mnt/update//pro2_update/lib/libopencv_cudev.so.3.4] -> [/usr/local/lib]
D/update_app( 1790): cp [/mnt/update//pro2_update/lib/libopencv_imgcodecs.so.3.4.0] -> [/usr/local/lib]
D/update_app( 1790): cp [/mnt/update//pro2_update/lib/libopencv_flann.so.3.4] -> [/usr/local/lib]
D/update_app( 1790): cp [/mnt/update//pro2_update/lib/libexpat.so.1] -> [/usr/local/lib]
D/update_app( 1790): cp [/mnt/update//pro2_update/lib/libopencv_structured_light.so.3.4.0] -> [/usr/local/lib]
D/update_app( 1790): cp [/mnt/update//pro2_update/lib/libexpat.so.1.6.6] -> [/usr/local/lib]
D/update_app( 1790): cp [/mnt/update//pro2_update/lib/libopencv_core.so.3.4] -> [/usr/local/lib]
D/update_app( 1790): cp [/mnt/update//pro2_update/lib/libopencv_cudaarithm.so.3.4.0] -> [/usr/local/lib]
D/update_app( 1790): cp [/mnt/update//pro2_update/lib/libopencv_ml.so.3.4.0] -> [/usr/local/lib]
D/update_app( 1790): cp [/mnt/update//pro2_update/lib/libopencv_aruco.so.3.4] -> [/usr/local/lib]
D/update_app( 1790): cp [/mnt/update//pro2_update/lib/libopencv_videostab.so] -> [/usr/local/lib]
D/update_app( 1790): cp [/mnt/update//pro2_update/lib/libopencv_cudaarithm.so] -> [/usr/local/lib]
D/update_app( 1790): cp [/mnt/update//pro2_update/lib/libopencv_cudev.so] -> [/usr/local/lib]
D/update_app( 1790): cp [/mnt/update//pro2_update/lib/libopencv_videostab.so.3.4] -> [/usr/local/lib]
D/update_app( 1790): cp [/mnt/update//pro2_update/lib/libopencv_saliency.so.3.4.0] -> [/usr/local/lib]
D/update_app( 1790): cp [/mnt/update//pro2_update/lib/libopencv_dnn.so] -> [/usr/local/lib]
D/update_app( 1790): cp [/mnt/update//pro2_update/lib/libopencv_img_hash.so.3.4.0] -> [/usr/local/lib]
D/update_app( 1790): cp [/mnt/update//pro2_update/lib/libopencv_flann.so] -> [/usr/local/lib]
D/update_app( 1790): cp [/mnt/update//pro2_update/lib/libopencv_features2d.so.3.4] -> [/usr/local/lib]
D/update_app( 1790): cp [/mnt/update//pro2_update/lib/libopencv_objdetect.so] -> [/usr/local/lib]
D/update_app( 1790): cp [/mnt/update//pro2_update/lib/libopencv_rgbd.so.3.4] -> [/usr/local/lib]
D/update_app( 1790): cp [/mnt/update//pro2_update/lib/libopencv_xfeatures2d.so.3.4] -> [/usr/local/lib]
D/update_app( 1790): cp [/mnt/update//pro2_update/lib/libuuid.so.1.0.0] -> [/usr/local/lib]
D/update_app( 1790): cp [/mnt/update//pro2_update/lib/libopencv_stitching.so.3.4] -> [/usr/local/lib]
D/update_app( 1790): cp [/mnt/update//pro2_update/lib/libopencv_cudaoptflow.so.3.4] -> [/usr/local/lib]
D/update_app( 1790): cp [/mnt/update//pro2_update/lib/libopencv_objdetect.so.3.4.0] -> [/usr/local/lib]
D/update_app( 1790): cp [/mnt/update//pro2_update/lib/libusb-1.0.so.0.1.0] -> [/usr/local/lib]
D/update_app( 1790): cp [/mnt/update//pro2_update/lib/libopencv_xobjdetect.so.3.4] -> [/usr/local/lib]
D/update_app( 1790): cp [/mnt/update//pro2_update/lib/libjson-c.so.4.0.0] -> [/usr/local/lib]
D/update_app( 1790): cp [/mnt/update//pro2_update/lib/libopencv_text.so.3.4] -> [/usr/local/lib]
D/update_app( 1790): cp [/mnt/update//pro2_update/lib/libopencv_line_descriptor.so] -> [/usr/local/lib]
D/update_app( 1790): cp [/mnt/update//pro2_update/lib/libopencv_ximgproc.so] -> [/usr/local/lib]
D/update_app( 1790): cp [/mnt/update//pro2_update/lib/libopencv_cudaobjdetect.so.3.4] -> [/usr/local/lib]
D/update_app( 1790): cp [/mnt/update//pro2_update/lib/libopencv_core.so.3.4.0] -> [/usr/local/lib]
D/update_app( 1790): cp [/mnt/update//pro2_update/lib/libopencv_saliency.so] -> [/usr/local/lib]
D/update_app( 1790): cp [/mnt/update//pro2_update/lib/libtiff.so.5.3.0] -> [/usr/local/lib]
D/update_app( 1790): cp [/mnt/update//pro2_update/lib/libopencv_cudawarping.so.3.4.0] -> [/usr/local/lib]
D/update_app( 1790): cp [/mnt/update//pro2_update/lib/libopencv_phase_unwrapping.so.3.4.0] -> [/usr/local/lib]
D/update_app( 1790): cp [/mnt/update//pro2_update/lib/libopencv_videostab.so.3.4.0] -> [/usr/local/lib]
D/update_app( 1790): cp [/mnt/update//pro2_update/lib/libopencv_xobjdetect.so] -> [/usr/local/lib]
D/update_app( 1790): cp [/mnt/update//pro2_update/lib/libopencv_cudev.so.3.4.0] -> [/usr/local/lib]
D/update_app( 1790): update section [lib] success ...
D/update_app( 1790): index = 4
D/update_app( 1790): [update_app/update_app.cpp: 873] Execute install samba service now ...........
D/update_app( 1790): deal_update_result, ret = 0
D/update_app( 1790): new image ver: [0.2.20]
D/update_app( 1790): update_ver2file: rename result = 0
D/update_app( 1790): unlink image file [/mnt/update//Insta360_Pro2_Update.bin]
D/update_app( 1790): rm pro_update* ...
^C
root@tegra-ubuntu:/home/nvidia#


Session stopped
    - Press <return> to exit tab
    - Press R to restart session
    - Press S to save terminal output to file

Server unexpectedly closed network connection

